"w"				"+forward"
"UPARROW"		"+forward"
"s"				"+back"
"DOWNARROW"		"+back"
"LEFTARROW"		"+left"
"RIGHTARROW"	"+right"
"a"				"+moveleft"
","				"+moveleft"
"d"				"+moveright"
"."				"+moveright"
"SPACE"			"+jump"
"CTRL"			"+duck"
"TAB"			"+showscores"
"e"				"+use"
"v"				"+moveup"
"'"				"+moveup"
"c"				"impulse 50"
"/"				"+movedown"
"PGUP"			"+lookup"
"PGDN"			"+lookdown"
"END"			"centerview"
"z"				"+strafe"
"INS"			"+klook"
";"				"+mlook"
"r"				"+reload"
"ALT"			"+walk"
"SHIFT"			"+speed"
"MOUSE1"		"+attack"
"ENTER"			"+attack"
"MOUSE2"		"+attack2"
"\\"			"+attack2"
"f"				"impulse 100"
"1"				"slot1"
"2"				"slot2"
"3"				"slot3"
"4"				"slot4"
"5"				"slot5"
"6"				"slot6"
"MWHEELUP"		"invprev"
"["				"invprev"
"MWHEELDOWN"	"invnext"
"]"				"invnext"
"q"				"lastinv"
"F5"			"jpeg"
"F6"			"save quick"
"F7"			"load quick"
"F10"			"quit prompt"
"PAUSE"			"pause"
"ESCAPE"		"escape"
"~"				"toggleconsole"
"`"				"toggleconsole"
"+"				"sizeup"
"="				"sizeup"
"-"				"sizedown"
"t"				"impulse 201"
"y"				"messagemode"
"u"				"messagemode2"
"g"				"dropprimary"
"z"				"+zoom"

"q"				"+menu"
"c"				"+menu_context"
"PGDN" 			"+gm_wheelb"
"PGUP" 			"+gm_wheelf"
"KP_HOME" 		"+gm_thrust 7"
"KP_UPARROW" 	"+gm_thrust 8"
"KP_PGUP" 		"+gm_thrust 9"
"KP_LEFTARROW" 	"+gm_thrust 4"
"KP_5" 			"+gm_thrust 5"
"KP_RIGHTARROW" "+gm_thrust 6"
"KP_END" 		"+gm_thrust 1"
"KP_DOWNARROW" 	"+gm_thrust 2"
"KP_PGDN" 		"+gm_thrust 3"
"KP_INS" 		"+gm_thrust 0"
"0" 		"+gm_cam_prop"
"9" 		"+gm_cam_static"
"8" 		"+gm_cam_view"
"x" 		"gm_explode"
"z"			"gmod_undo"